
Memory Configuration

Name             Origin             Length             Attributes
FLASH            0x08000000         0x00080000         xr
SRAM             0x20000000         0x00020000         xrw
*default*        0x00000000         0xffffffff

Linker script and memory map

LOAD main.o
LOAD led.o
LOAD SystemClockConfig.o
LOAD stm32_startup.o

.text           0x08000000      0x420
 *(.isr_vector)
 .isr_vector    0x08000000      0x1c4 stm32_startup.o
                0x08000000                vectors
 *(.text)
 .text          0x080001c4       0x1e main.o
                0x080001c4                main
                0x080001d6                task1_handler
 *fill*         0x080001e2        0x2 
 .text          0x080001e4       0xd8 led.o
                0x080001e4                delay
                0x08000220                led_init_all
                0x0800025c                led_on
                0x0800028c                led_off
 .text          0x080002bc       0xd8 SystemClockConfig.o
                0x080002bc                SystemClockConfig
 .text          0x08000394       0x8c stm32_startup.o
                0x08000394                RTC_Alarm_IRQHandler
                0x08000394                EXTI2_IRQHandler
                0x08000394                TIM8_CC_IRQHandler
                0x08000394                SVCall_Handler
                0x08000394                SPDIF_Rx_IRQHandler
                0x08000394                DebugMon_Handler
                0x08000394                SPI4_IRQHandler
                0x08000394                TIM1_CC_IRQHandler
                0x08000394                QuadSPI_IRQHandler
                0x08000394                DMA2_Stream5_IRQHandler
                0x08000394                HardFault_Handler
                0x08000394                DMA1_Stream5_IRQHandler
                0x08000394                SysTick_Handler
                0x08000394                PVD_IRQHandler
                0x08000394                SDIO_IRQHandler
                0x08000394                TAMP_STAMP_IRQHandler
                0x08000394                PendSV_Handler
                0x08000394                NMI_Handler
                0x08000394                CAN2_RX1_IRQHandler
                0x08000394                EXTI3_IRQHandler
                0x08000394                TIM8_TRG_COM_TIM14_IRQHandler
                0x08000394                TIM1_UP_TIM10_IRQHandler
                0x08000394                TIM8_UP_TIM13_IRQHandler
                0x08000394                I2C3_ER_IRQHandler
                0x08000394                EXTI0_IRQHandler
                0x08000394                I2C2_EV_IRQHandler
                0x08000394                DMA1_Stream2_IRQHandler
                0x08000394                CAN1_RX0_IRQHandler
                0x08000394                FPU_IRQHandler
                0x08000394                OTG_HS_WKUP_IRQHandler
                0x08000394                UsageFault_Handler
                0x08000394                CAN2_SCE_IRQHandler
                0x08000394                DMA2_Stream2_IRQHandler
                0x08000394                SPI1_IRQHandler
                0x08000394                TIM6_DAC_IRQHandler
                0x08000394                TIM1_BRK_TIM9_IRQHandler
                0x08000394                DCMI_IRQHandler
                0x08000394                CAN2_RX0_IRQHandler
                0x08000394                DMA2_Stream3_IRQHandler
                0x08000394                FMPI2C1_IRQHandler
                0x08000394                SAI2_IRQHandler
                0x08000394                USART6_IRQHandler
                0x08000394                USART3_IRQHandler
                0x08000394                SAI1_IRQHandler
                0x08000394                CAN1_RX1_IRQHandler
                0x08000394                UART5_IRQHandler
                0x08000394                DMA2_Stream0_IRQHandler
                0x08000394                TIM4_IRQHandler
                0x08000394                I2C1_EV_IRQHandler
                0x08000394                HDMI_CEC_IRQHandler
                0x08000394                DMA1_Stream6_IRQHandler
                0x08000394                DMA1_Stream1_IRQHandler
                0x08000394                UART4_IRQHandler
                0x08000394                TIM3_IRQHandler
                0x08000394                RCC_IRQHandler
                0x08000394                TIM8_BRK_TIM12_IRQHandler
                0x08000394                Default_Handler
                0x08000394                EXTI15_10_IRQHandler
                0x08000394                ADC_IRQHandler
                0x08000394                DMA1_Stream7_IRQHandler
                0x08000394                TIM7_IRQHandler
                0x08000394                CAN2_TX_IRQHandler
                0x08000394                TIM5_IRQHandler
                0x08000394                DMA2_Stream7_IRQHandler
                0x08000394                I2C3_EV_IRQHandler
                0x08000394                EXTI9_5_IRQHandler
                0x08000394                RTC_WKUP_IRQHandler
                0x08000394                SPI2_IRQHandler
                0x08000394                OTG_HS_EP1_IN_IRQHandler
                0x08000394                MemManage_Handler
                0x08000394                DMA1_Stream0_IRQHandler
                0x08000394                CAN1_TX_IRQHandler
                0x08000394                FMPI2C1_ER_IRQHandler
                0x08000394                EXTI4_IRQHandler
                0x08000394                OTG_HS_EP1_OUT_IRQHandler
                0x08000394                WWDG_IRQHandler
                0x08000394                TIM2_IRQHandler
                0x08000394                OTG_FS_WKUP_IRQHandler
                0x08000394                TIM1_TRG_COM_TIM11_IRQHandler
                0x08000394                OTG_HS_IRQHandler
                0x08000394                EXTI1_IRQHandler
                0x08000394                USART2_IRQHandler
                0x08000394                I2C2_ER_IRQHandler
                0x08000394                DMA2_Stream1_IRQHandler
                0x08000394                CAN1_SCE_IRQHandler
                0x08000394                FLASH_IRQHandler
                0x08000394                DMA2_Stream4_IRQHandler
                0x08000394                BusFault_Handler
                0x08000394                USART1_IRQHandler
                0x08000394                OTG_FS_IRQHandler
                0x08000394                SPI3_IRQHandler
                0x08000394                DMA1_Stream4_IRQHandler
                0x08000394                I2C1_ER_IRQHandler
                0x08000394                FMC_IRQHandler
                0x08000394                DMA2_Stream6_IRQHandler
                0x08000394                DMA1_Stream3_IRQHandler
                0x0800039a                Reset_Handler
 *(.rodata)
                0x08000420                . = ALIGN (0x4)
                0x08000420                _end_of_text = .

.glue_7         0x08000420        0x0
 .glue_7        0x08000420        0x0 linker stubs

.glue_7t        0x08000420        0x0
 .glue_7t       0x08000420        0x0 linker stubs

.vfp11_veneer   0x08000420        0x0
 .vfp11_veneer  0x08000420        0x0 linker stubs

.v4_bx          0x08000420        0x0
 .v4_bx         0x08000420        0x0 linker stubs

.iplt           0x08000420        0x0
 .iplt          0x08000420        0x0 main.o

.rel.dyn        0x08000420        0x0
 .rel.iplt      0x08000420        0x0 main.o

.data           0x20000000        0x0 load address 0x08000420
                0x20000000                _start_of_data = .
 *(.data)
 .data          0x20000000        0x0 main.o
 .data          0x20000000        0x0 led.o
 .data          0x20000000        0x0 SystemClockConfig.o
 .data          0x20000000        0x0 stm32_startup.o
                0x20000000                . = ALIGN (0x4)
                0x20000000                _end_of_data = .

.igot.plt       0x20000000        0x0 load address 0x08000420
 .igot.plt      0x20000000        0x0 main.o

.bss            0x20000000        0x0 load address 0x08000420
                0x20000000                _start_of_bss = .
 *(.bss)
 .bss           0x20000000        0x0 main.o
 .bss           0x20000000        0x0 led.o
 .bss           0x20000000        0x0 SystemClockConfig.o
 .bss           0x20000000        0x0 stm32_startup.o
 *(COMMON)
                0x20000000                . = ALIGN (0x4)
                0x20000000                _end_of_bss = .
OUTPUT(final.elf elf32-littlearm)
LOAD linker stubs

.comment        0x00000000       0x49
 .comment       0x00000000       0x49 main.o
                                 0x4a (size before relaxing)
 .comment       0x00000049       0x4a led.o
 .comment       0x00000049       0x4a SystemClockConfig.o
 .comment       0x00000049       0x4a stm32_startup.o

.ARM.attributes
                0x00000000       0x2e
 .ARM.attributes
                0x00000000       0x2e main.o
 .ARM.attributes
                0x0000002e       0x2e led.o
 .ARM.attributes
                0x0000005c       0x2e SystemClockConfig.o
 .ARM.attributes
                0x0000008a       0x2e stm32_startup.o
