
Memory Configuration

Name             Origin             Length             Attributes
FLASH            0x08000000         0x00080000         xr
SRAM             0x20000000         0x00020000         xrw
*default*        0x00000000         0xffffffff

Linker script and memory map

LOAD main.o
LOAD CLOCK.o
LOAD stm32_startup.o

.text           0x08000000      0x398
 *(.isr_vector)
 .isr_vector    0x08000000      0x1c4 stm32_startup.o
                0x08000000                vectors
 *(.text)
 .text          0x080001c4       0x70 main.o
                0x080001c4                main
 .text          0x08000234       0xd8 CLOCK.o
                0x08000234                initClock
 .text          0x0800030c       0x8c stm32_startup.o
                0x0800030c                RTC_Alarm_IRQHandler
                0x0800030c                EXTI2_IRQHandler
                0x0800030c                TIM8_CC_IRQHandler
                0x0800030c                SVCall_Handler
                0x0800030c                SPDIF_Rx_IRQHandler
                0x0800030c                DebugMon_Handler
                0x0800030c                SPI4_IRQHandler
                0x0800030c                TIM1_CC_IRQHandler
                0x0800030c                QuadSPI_IRQHandler
                0x0800030c                DMA2_Stream5_IRQHandler
                0x0800030c                HardFault_Handler
                0x0800030c                DMA1_Stream5_IRQHandler
                0x0800030c                SysTick_Handler
                0x0800030c                PVD_IRQHandler
                0x0800030c                SDIO_IRQHandler
                0x0800030c                TAMP_STAMP_IRQHandler
                0x0800030c                PendSV_Handler
                0x0800030c                NMI_Handler
                0x0800030c                CAN2_RX1_IRQHandler
                0x0800030c                EXTI3_IRQHandler
                0x0800030c                TIM8_TRG_COM_TIM14_IRQHandler
                0x0800030c                TIM1_UP_TIM10_IRQHandler
                0x0800030c                TIM8_UP_TIM13_IRQHandler
                0x0800030c                I2C3_ER_IRQHandler
                0x0800030c                EXTI0_IRQHandler
                0x0800030c                I2C2_EV_IRQHandler
                0x0800030c                DMA1_Stream2_IRQHandler
                0x0800030c                CAN1_RX0_IRQHandler
                0x0800030c                FPU_IRQHandler
                0x0800030c                OTG_HS_WKUP_IRQHandler
                0x0800030c                UsageFault_Handler
                0x0800030c                CAN2_SCE_IRQHandler
                0x0800030c                DMA2_Stream2_IRQHandler
                0x0800030c                SPI1_IRQHandler
                0x0800030c                TIM6_DAC_IRQHandler
                0x0800030c                TIM1_BRK_TIM9_IRQHandler
                0x0800030c                DCMI_IRQHandler
                0x0800030c                CAN2_RX0_IRQHandler
                0x0800030c                DMA2_Stream3_IRQHandler
                0x0800030c                FMPI2C1_IRQHandler
                0x0800030c                SAI2_IRQHandler
                0x0800030c                USART6_IRQHandler
                0x0800030c                USART3_IRQHandler
                0x0800030c                SAI1_IRQHandler
                0x0800030c                CAN1_RX1_IRQHandler
                0x0800030c                UART5_IRQHandler
                0x0800030c                DMA2_Stream0_IRQHandler
                0x0800030c                TIM4_IRQHandler
                0x0800030c                I2C1_EV_IRQHandler
                0x0800030c                HDMI_CEC_IRQHandler
                0x0800030c                DMA1_Stream6_IRQHandler
                0x0800030c                DMA1_Stream1_IRQHandler
                0x0800030c                UART4_IRQHandler
                0x0800030c                TIM3_IRQHandler
                0x0800030c                RCC_IRQHandler
                0x0800030c                TIM8_BRK_TIM12_IRQHandler
                0x0800030c                Default_Handler
                0x0800030c                EXTI15_10_IRQHandler
                0x0800030c                ADC_IRQHandler
                0x0800030c                DMA1_Stream7_IRQHandler
                0x0800030c                TIM7_IRQHandler
                0x0800030c                CAN2_TX_IRQHandler
                0x0800030c                TIM5_IRQHandler
                0x0800030c                DMA2_Stream7_IRQHandler
                0x0800030c                I2C3_EV_IRQHandler
                0x0800030c                EXTI9_5_IRQHandler
                0x0800030c                RTC_WKUP_IRQHandler
                0x0800030c                SPI2_IRQHandler
                0x0800030c                OTG_HS_EP1_IN_IRQHandler
                0x0800030c                MemManage_Handler
                0x0800030c                DMA1_Stream0_IRQHandler
                0x0800030c                CAN1_TX_IRQHandler
                0x0800030c                FMPI2C1_ER_IRQHandler
                0x0800030c                EXTI4_IRQHandler
                0x0800030c                OTG_HS_EP1_OUT_IRQHandler
                0x0800030c                WWDG_IRQHandler
                0x0800030c                TIM2_IRQHandler
                0x0800030c                OTG_FS_WKUP_IRQHandler
                0x0800030c                TIM1_TRG_COM_TIM11_IRQHandler
                0x0800030c                OTG_HS_IRQHandler
                0x0800030c                EXTI1_IRQHandler
                0x0800030c                USART2_IRQHandler
                0x0800030c                I2C2_ER_IRQHandler
                0x0800030c                DMA2_Stream1_IRQHandler
                0x0800030c                CAN1_SCE_IRQHandler
                0x0800030c                FLASH_IRQHandler
                0x0800030c                DMA2_Stream4_IRQHandler
                0x0800030c                BusFault_Handler
                0x0800030c                USART1_IRQHandler
                0x0800030c                OTG_FS_IRQHandler
                0x0800030c                SPI3_IRQHandler
                0x0800030c                DMA1_Stream4_IRQHandler
                0x0800030c                I2C1_ER_IRQHandler
                0x0800030c                FMC_IRQHandler
                0x0800030c                DMA2_Stream6_IRQHandler
                0x0800030c                DMA1_Stream3_IRQHandler
                0x08000312                Reset_Handler
 *(.rodata)
                0x08000398                . = ALIGN (0x4)
                0x08000398                _end_of_text = .

.glue_7         0x08000398        0x0
 .glue_7        0x08000398        0x0 linker stubs

.glue_7t        0x08000398        0x0
 .glue_7t       0x08000398        0x0 linker stubs

.vfp11_veneer   0x08000398        0x0
 .vfp11_veneer  0x08000398        0x0 linker stubs

.v4_bx          0x08000398        0x0
 .v4_bx         0x08000398        0x0 linker stubs

.iplt           0x08000398        0x0
 .iplt          0x08000398        0x0 main.o

.rel.dyn        0x08000398        0x0
 .rel.iplt      0x08000398        0x0 main.o

.data           0x20000000        0x0 load address 0x08000398
                0x20000000                _start_of_data = .
 *(.data)
 .data          0x20000000        0x0 main.o
 .data          0x20000000        0x0 CLOCK.o
 .data          0x20000000        0x0 stm32_startup.o
                0x20000000                . = ALIGN (0x4)
                0x20000000                _end_of_data = .

.igot.plt       0x20000000        0x0 load address 0x08000398
 .igot.plt      0x20000000        0x0 main.o

.bss            0x20000000        0x0 load address 0x08000398
                0x20000000                _start_of_bss = .
 *(.bss)
 .bss           0x20000000        0x0 main.o
 .bss           0x20000000        0x0 CLOCK.o
 .bss           0x20000000        0x0 stm32_startup.o
 *(COMMON)
                0x20000000                . = ALIGN (0x4)
                0x20000000                _end_of_bss = .
OUTPUT(final.elf elf32-littlearm)
LOAD linker stubs

.comment        0x00000000       0x49
 .comment       0x00000000       0x49 main.o
                                 0x4a (size before relaxing)
 .comment       0x00000049       0x4a CLOCK.o
 .comment       0x00000049       0x4a stm32_startup.o

.ARM.attributes
                0x00000000       0x2e
 .ARM.attributes
                0x00000000       0x2e main.o
 .ARM.attributes
                0x0000002e       0x2e CLOCK.o
 .ARM.attributes
                0x0000005c       0x2e stm32_startup.o
